../Core/Src/main.c:64:6:delay_us	16	static
../Core/Src/main.c:70:6:OneWire_Pin_Output	32	static
../Core/Src/main.c:78:6:OneWire_Pin_Input	32	static
../Core/Src/main.c:86:6:OneWire_WriteBit	16	static
../Core/Src/main.c:101:9:OneWire_ReadBit	16	static
../Core/Src/main.c:116:6:OneWire_WriteByte	24	static
../Core/Src/main.c:123:9:OneWire_ReadByte	16	static
../Core/Src/main.c:133:9:OneWire_Reset	16	static
../Core/Src/main.c:153:6:OneWire_MatchROM	24	static
../Core/Src/main.c:162:6:OneWire_WriteBytes	24	static
../Core/Src/main.c:168:6:OneWire_sendReadMemoryCMD	24	static
../Core/Src/main.c:182:6:OneWire_ReadBytes	32	static
../Core/Src/main.c:191:6:OneWire_ReadAllMemory	32	static
../Core/Src/main.c:210:9:DS1973_WritePage	32	static
../Core/Src/main.c:263:5:main	48	static
../Core/Src/main.c:341:6:SystemClock_Config	160	static
../Core/Src/main.c:388:13:MX_TIM6_Init	24	static
../Core/Src/main.c:426:13:MX_USART2_UART_Init	8	static
../Core/Src/main.c:461:13:MX_GPIO_Init	40	static
../Core/Src/main.c:510:6:Error_Handler	4	static,ignoring_inline_asm
